// Jest Snapshot v1, https://goo.gl/fbAQLP

exports[`Footer rendering follows the snapshot 1`] = `
<footer
  className="css-lte0pa"
>
  Â© 2019 Code Fellows
</footer>
`;
